[START] task=alert_classification env=incident-response-openenv model=heuristic
[STEP] step=1 action=investigate(payment-service) reward=0.15 done=false error=null
[STEP] step=2 action=investigate(postgres-primary) reward=0.15 done=false error=null
[STEP] step=3 action=investigate(redis-cache) reward=0.10 done=false error=null
[STEP] step=4 action=classify(database_connection) reward=0.30 done=false error=null
[STEP] step=5 action=remediate(payment-service,increase_connection_pool) reward=0.20 done=false error=null
[STEP] step=6 action=resolve('Investigated ['payment-service') reward=0.10 done=true error=null
[END] success=true steps=6 score=0.85 rewards=0.15,0.15,0.10,0.30,0.20,0.10
[START] task=alert_classification env=incident-response-openenv model=heuristic
[STEP] step=1 action=investigate(image-worker) reward=0.15 done=false error=null
[STEP] step=2 action=investigate(object-store) reward=0.10 done=false error=null
[STEP] step=3 action=investigate(message-queue) reward=0.10 done=false error=null
[STEP] step=4 action=classify(memory_leak) reward=0.30 done=false error=null
[STEP] step=5 action=remediate(image-worker,restart_service) reward=0.20 done=false error=null
[STEP] step=6 action=resolve('Investigated ['image-worker', ') reward=0.10 done=true error=null
[END] success=true steps=6 score=0.85 rewards=0.15,0.10,0.10,0.30,0.20,0.10
